::1 - - [06/Oct/2026 11:16:50] "GET / HTTP/1.1" 304 -
::1 - - [06/Oct/2026 11:16:56] "GET / HTTP/1.1" 304 -
::1 - - [06/Oct/2026 11:16:58] "GET / HTTP/1.1" 304 -
::1 - - [06/Oct/2026 11:25:42] "GET / HTTP/1.1" 200 -
::1 - - [06/Oct/2026 11:25:42] "GET / HTTP/1.1" 200 -
::1 - - [06/Oct/2026 11:25:42] "GET / HTTP/1.1" 304 -
----------------------------------------
Exception occurred during processing of request from ('::1', 41728, 0, 0)
Traceback (most recent call last):
  File "/data/data/com.termux/files/usr/lib/python3.14/socketserver.py", line 697, in process_request_thread
    self.finish_request(request, client_address)
    ~~~~~~~~~~~~~~~~~~~^^^^^^^^^^^^^^^^^^^^^^^^^
  File "/data/data/com.termux/files/usr/lib/python3.14/http/server.py", line 1418, in finish_request
    self.RequestHandlerClass(request, client_address, self,
    ~~~~~~~~~~~~~~~~~~~~~~~~^^^^^^^^^^^^^^^^^^^^^^^^^^^^^^^
                             directory=args.directory)
                             ^^^^^^^^^^^^^^^^^^^^^^^^^
  File "/data/data/com.termux/files/usr/lib/python3.14/http/server.py", line 732, in __init__
    super().__init__(*args, **kwargs)
    ~~~~~~~~~~~~~~~~^^^^^^^^^^^^^^^^^
  File "/data/data/com.termux/files/usr/lib/python3.14/socketserver.py", line 766, in __init__
    self.handle()
    ~~~~~~~~~~~^^
  File "/data/data/com.termux/files/usr/lib/python3.14/http/server.py", line 496, in handle
    self.handle_one_request()
    ~~~~~~~~~~~~~~~~~~~~~~~^^
  File "/data/data/com.termux/files/usr/lib/python3.14/http/server.py", line 484, in handle_one_request
    method()
    ~~~~~~^^
  File "/data/data/com.termux/files/usr/lib/python3.14/http/server.py", line 739, in do_GET
    self.copyfile(f, self.wfile)
    ~~~~~~~~~~~~~^^^^^^^^^^^^^^^
  File "/data/data/com.termux/files/usr/lib/python3.14/http/server.py", line 942, in copyfile
    shutil.copyfileobj(source, outputfile)
    ~~~~~~~~~~~~~~~~~~^^^^^^^^^^^^^^^^^^^^
  File "/data/data/com.termux/files/usr/lib/python3.14/shutil.py", line 257, in copyfileobj
    fdst_write(buf)
    ~~~~~~~~~~^^^^^
  File "/data/data/com.termux/files/usr/lib/python3.14/socketserver.py", line 845, in write
    self._sock.sendall(b)
    ~~~~~~~~~~~~~~~~~~^^^
BrokenPipeError: [Errno 32] Broken pipe
----------------------------------------
::1 - - [06/Oct/2026 11:25:44] "GET / HTTP/1.1" 304 -
::1 - - [06/Oct/2026 11:47:27] "GET / HTTP/1.1" 304 -
::1 - - [06/Oct/2026 11:47:31] "GET / HTTP/1.1" 200 -
::1 - - [06/Oct/2026 11:51:05] "GET / HTTP/1.1" 304 -
::1 - - [06/Oct/2026 11:51:07] "GET / HTTP/1.1" 200 -
::1 - - [06/Oct/2026 12:01:34] "GET / HTTP/1.1" 304 -
::1 - - [06/Oct/2026 12:01:38] "GET / HTTP/1.1" 200 -
::1 - - [06/Oct/2026 12:01:42] "GET / HTTP/1.1" 304 -
::1 - - [06/Oct/2026 12:01:44] "GET / HTTP/1.1" 304 -
::1 - - [06/Oct/2026 12:01:47] "GET / HTTP/1.1" 304 -
::1 - - [06/Oct/2026 12:01:49] "GET / HTTP/1.1" 304 -
::1 - - [06/Oct/2026 12:01:51] "GET / HTTP/1.1" 304 -
